[0.006s] Invoking command in '/home/kim/ros2_ws_nav/src/navigation_real/build/rubi_heightmap_wavefront_planner': CMAKE_PREFIX_PATH=/opt/ros/humble /usr/bin/cmake /home/kim/ros2_ws_nav/src/navigation_real/rubi_heightmap_wavefront_planner -DAMENT_CMAKE_SYMLINK_INSTALL=1 -DCMAKE_INSTALL_PREFIX=/home/kim/ros2_ws_nav/src/navigation_real/install/rubi_heightmap_wavefront_planner
[0.053s] -- The C compiler identification is GNU 11.4.0
[0.077s] -- The CXX compiler identification is GNU 11.4.0
[0.082s] -- Detecting C compiler ABI info
[0.112s] -- Detecting C compiler ABI info - done
[0.115s] -- Check for working C compiler: /usr/bin/cc - skipped
[0.115s] -- Detecting C compile features
[0.115s] -- Detecting C compile features - done
[0.117s] -- Detecting CXX compiler ABI info
[0.158s] -- Detecting CXX compiler ABI info - done
[0.161s] -- Check for working CXX compiler: /usr/bin/c++ - skipped
[0.161s] -- Detecting CXX compile features
[0.161s] -- Detecting CXX compile features - done
[0.164s] -- Found ament_cmake: 1.3.12 (/opt/ros/humble/share/ament_cmake/cmake)
[0.228s] -- Found Python3: /usr/bin/python3 (found version "3.10.12") found components: Interpreter 
[0.258s] -- Override CMake install command with custom implementation using symlinks instead of copying resources
[0.274s] -- Found geometry_msgs: 4.9.0 (/opt/ros/humble/share/geometry_msgs/cmake)
[0.296s] -- Found rosidl_generator_c: 3.1.7 (/opt/ros/humble/share/rosidl_generator_c/cmake)
[0.298s] -- Found rosidl_adapter: 3.1.7 (/opt/ros/humble/share/rosidl_adapter/cmake)
[0.303s] -- Found rosidl_generator_cpp: 3.1.7 (/opt/ros/humble/share/rosidl_generator_cpp/cmake)
[0.311s] -- Using all available rosidl_typesupport_c: rosidl_typesupport_fastrtps_c;rosidl_typesupport_introspection_c
[0.320s] -- Using all available rosidl_typesupport_cpp: rosidl_typesupport_fastrtps_cpp;rosidl_typesupport_introspection_cpp
[0.340s] -- Found nav_msgs: 4.9.0 (/opt/ros/humble/share/nav_msgs/cmake)
[0.349s] -- Found rclcpp: 16.0.14 (/opt/ros/humble/share/rclcpp/cmake)
[0.370s] -- Found rmw_implementation_cmake: 6.1.2 (/opt/ros/humble/share/rmw_implementation_cmake/cmake)
[0.372s] -- Found rmw_fastrtps_cpp: 6.2.8 (/opt/ros/humble/share/rmw_fastrtps_cpp/cmake)
[0.411s] -- Found OpenSSL: /usr/lib/x86_64-linux-gnu/libcrypto.so (found version "3.0.2")  
[0.424s] -- Found FastRTPS: /opt/ros/humble/include  
[0.440s] -- Using RMW implementation 'rmw_fastrtps_cpp' as default
[0.445s] -- Looking for pthread.h
[0.473s] -- Looking for pthread.h - found
[0.473s] -- Performing Test CMAKE_HAVE_LIBC_PTHREAD
[0.501s] -- Performing Test CMAKE_HAVE_LIBC_PTHREAD - Success
[0.501s] -- Found Threads: TRUE  
[0.522s] -- Found sensor_msgs: 4.9.0 (/opt/ros/humble/share/sensor_msgs/cmake)
[0.531s] -- Found tf2: 0.25.15 (/opt/ros/humble/share/tf2/cmake)
[0.536s] -- Found tf2_geometry_msgs: 0.25.15 (/opt/ros/humble/share/tf2_geometry_msgs/cmake)
[0.545s] -- Found eigen3_cmake_module: 0.1.1 (/opt/ros/humble/share/eigen3_cmake_module/cmake)
[0.545s] -- Found Eigen3: TRUE (found version "3.4.0") 
[0.545s] -- Ensuring Eigen3 include directory is part of orocos-kdl CMake target
[0.559s] Invoked command in '/home/kim/ros2_ws_nav/src/navigation_real/build/rubi_heightmap_wavefront_planner' returned '-2': CMAKE_PREFIX_PATH=/opt/ros/humble /usr/bin/cmake /home/kim/ros2_ws_nav/src/navigation_real/rubi_heightmap_wavefront_planner -DAMENT_CMAKE_SYMLINK_INSTALL=1 -DCMAKE_INSTALL_PREFIX=/home/kim/ros2_ws_nav/src/navigation_real/install/rubi_heightmap_wavefront_planner
